[1/3] build image hongsheng-site:latest
#1 [internal] load local bake definitions
#1 reading from stdin 532B done
#1 DONE 0.0s

#2 [internal] load build definition from Dockerfile
#2 transferring dockerfile: 1.44kB done
#2 DONE 0.0s

#3 [internal] load metadata for docker.io/library/node:22.20-alpine
#3 DONE 0.0s

#4 [internal] load .dockerignore
#4 transferring context: 158B done
#4 DONE 0.0s

#5 [internal] load build context
#5 DONE 0.0s

#6 [builder 1/8] FROM docker.io/library/node:22.20-alpine@sha256:dbcedd8aeab47fbc0f4dd4bffa55b7c3c729a707875968d467aaaea42d6225af
#6 resolve docker.io/library/node:22.20-alpine@sha256:dbcedd8aeab47fbc0f4dd4bffa55b7c3c729a707875968d467aaaea42d6225af
#6 resolve docker.io/library/node:22.20-alpine@sha256:dbcedd8aeab47fbc0f4dd4bffa55b7c3c729a707875968d467aaaea42d6225af 0.0s done
#6 DONE 0.0s

#7 [builder 3/8] RUN apk add --no-cache libc6-compat python3 make g++
#7 CACHED

#8 [builder 2/8] WORKDIR /app
#8 CACHED

#9 [runner 3/7] RUN apk add --no-cache libc6-compat curl
#9 CACHED

#10 [runner 4/7] RUN addgroup -S nodejs -g 1001   && adduser -S nextjs -u 1001
#10 CACHED

#11 [builder 4/8] RUN npm i -g pnpm
#11 CACHED

#5 [internal] load build context
#5 transferring context: 50.78kB 0.0s done
#5 DONE 0.1s

#12 [builder 5/8] COPY package.json pnpm-lock.yaml pnpm-workspace.yaml .npmrc ./
#12 DONE 0.1s

#13 [builder 6/8] RUN pnpm install --frozen-lockfile
#13 1.028 ? Verifying lockfile against supply-chain policies (1126 entries)...
#13 1.037 Lockfile is up to date, resolution step is skipped
#13 1.129 Progress: resolved 1, reused 0, downloaded 0, added 0
#13 1.315 Packages: +1046
#13 1.315 ++++++++++++++++++++++++++++++++++++++++++++++++++++++++++++++++++++++++++++++++
#13 2.130 Progress: resolved 1046, reused 0, downloaded 0, added 0
#13 3.130 Progress: resolved 1046, reused 0, downloaded 43, added 43
#13 4.130 Progress: resolved 1046, reused 0, downloaded 118, added 118
#13 5.130 Progress: resolved 1046, reused 0, downloaded 172, added 172
#13 6.130 Progress: resolved 1046, reused 0, downloaded 245, added 245
#13 7.130 Progress: resolved 1046, reused 0, downloaded 295, added 295
#13 8.130 Progress: resolved 1046, reused 0, downloaded 355, added 355
#13 9.131 Progress: resolved 1046, reused 0, downloaded 410, added 410
#13 10.13 Progress: resolved 1046, reused 0, downloaded 444, added 444
#13 11.13 Progress: resolved 1046, reused 0, downloaded 475, added 475
#13 12.13 Progress: resolved 1046, reused 0, downloaded 494, added 494
#13 13.13 Progress: resolved 1046, reused 0, downloaded 523, added 523
#13 14.13 Progress: resolved 1046, reused 0, downloaded 554, added 554
#13 15.13 Progress: resolved 1046, reused 0, downloaded 598, added 598
#13 16.13 Progress: resolved 1046, reused 0, downloaded 636, added 636
#13 17.13 Progress: resolved 1046, reused 0, downloaded 684, added 684
#13 18.13 Progress: resolved 1046, reused 0, downloaded 732, added 732
#13 19.13 Progress: resolved 1046, reused 0, downloaded 778, added 778
#13 20.13 Progress: resolved 1046, reused 0, downloaded 844, added 844
#13 21.31 Progress: resolved 1046, reused 0, downloaded 901, added 900
#13 22.31 Progress: resolved 1046, reused 0, downloaded 967, added 967
#13 23.31 Progress: resolved 1046, reused 0, downloaded 1028, added 1028
#13 24.31 Progress: resolved 1046, reused 0, downloaded 1038, added 1038
#13 25.31 Progress: resolved 1046, reused 0, downloaded 1041, added 1041
#13 26.31 Progress: resolved 1046, reused 0, downloaded 1042, added 1042
#13 29.15 Progress: resolved 1046, reused 0, downloaded 1043, added 1042
#13 30.16 Progress: resolved 1046, reused 0, downloaded 1043, added 1043
#13 31.16 Progress: resolved 1046, reused 0, downloaded 1045, added 1044
#13 32.16 Progress: resolved 1046, reused 0, downloaded 1045, added 1045
#13 34.15 ✓ Lockfile passes supply-chain policies (1126 entries in 33.1s)
#13 35.21 Progress: resolved 1046, reused 0, downloaded 1046, added 1045
#13 35.21 Progress: resolved 1046, reused 0, downloaded 1046, added 1046, done
#13 35.63 .../node_modules/@swc/core postinstall$ node postinstall.js
#13 35.63 .../node_modules/@parcel/watcher install$ node scripts/build-from-source.js
#13 35.64 .../node_modules/better-sqlite3 install$ prebuild-install || node-gyp rebuild --release
#13 35.64 .../node_modules/unrs-resolver postinstall$ node postinstall.js
#13 35.64 .../sharp@0.34.5/node_modules/sharp install$ node install/check.js || npm run build
#13 35.67 .../node_modules/@parcel/watcher install: Done
#13 35.68 .../node_modules/@swc/core postinstall: Done
#13 35.68 .../node_modules/unrs-resolver postinstall: Done
#13 35.69 .../sharp@0.34.5/node_modules/sharp install: Done
#13 39.58 .../node_modules/better-sqlite3 install: Done
#13 39.69 
#13 39.69 dependencies:
#13 39.69 + @next/mdx 16.2.10
#13 39.69 + @radix-ui/react-select 2.3.3
#13 39.69 + @radix-ui/react-switch 1.3.3
#13 39.69 + @react-three/drei 10.7.7
#13 39.69 + @react-three/fiber 9.6.1
#13 39.69 + @tailwindcss/typography 0.5.20
#13 39.69 + @types/nodemailer 7.0.12
#13 39.69 + better-sqlite3 12.11.1
#13 39.69 + drizzle-orm 0.44.7
#13 39.69 + fontfaceobserver 2.3.0
#13 39.69 + framer-motion 12.42.2
#13 39.69 + gray-matter 4.0.3
#13 39.69 + localforage 1.10.0
#13 39.69 + lodash 4.18.1
#13 39.69 + lottie-react 2.4.1
#13 39.69 + lucide-react 0.475.0
#13 39.69 + maplibre-gl 5.24.0
#13 39.69 + next 16.2.10
#13 39.69 + next-intl 4.13.2
#13 39.69 + next-mdx-remote 6.0.0
#13 39.69 + next-themes 0.4.6
#13 39.69 + nodemailer 8.0.11
#13 39.69 + react 19.2.7
#13 39.69 + react-dom 19.2.7
#13 39.69 + react-markdown 10.1.0
#13 39.69 + react-responsive 10.0.1
#13 39.69 + react-use 17.6.1
#13 39.69 + rehype-autolink-headings 7.1.0
#13 39.69 + rehype-highlight 7.0.2
#13 39.69 + rehype-katex 7.0.1
#13 39.69 + rehype-slug 6.0.0
#13 39.69 + remark-emoji 5.0.2
#13 39.69 + remark-gfm 4.0.1
#13 39.69 + remark-math 6.0.0
#13 39.69 + remark-toc 9.0.0
#13 39.69 + rimraf 6.1.3
#13 39.69 + sharp 0.34.5
#13 39.69 + swr 2.4.2
#13 39.69 + tailwindcss-debug-screens 2.2.1
#13 39.69 + three 0.183.2
#13 39.69 + zod 4.4.3
#13 39.69 
#13 39.69 devDependencies:
#13 39.69 + @commitlint/cli 18.6.1
#13 39.69 + @commitlint/config-conventional 18.6.3
#13 39.69 + @mdx-js/loader 3.1.1
#13 39.69 + @mdx-js/react 3.1.1
#13 39.69 + @types/better-sqlite3 7.6.13
#13 39.69 + @types/fontfaceobserver 2.1.3
#13 39.69 + @types/lodash 4.17.24
#13 39.69 + @types/node 20.19.43
#13 39.69 + @types/react 19.2.17
#13 39.69 + @types/react-dom 19.2.3
#13 39.69 + @types/three 0.185.1
#13 39.69 + @typescript-eslint/eslint-plugin 6.21.0
#13 39.69 + @typescript-eslint/parser 6.21.0
#13 39.69 + eslint 8.57.1
#13 39.69 + eslint-config-next 16.2.10
#13 39.69 + eslint-config-prettier 9.1.2
#13 39.69 + eslint-plugin-prettier 5.5.6
#13 39.69 + eslint-plugin-react 7.37.5
#13 39.69 + eslint-plugin-react-hooks 4.6.2
#13 39.69 + husky 8.0.3
#13 39.69 + lint-staged 15.5.2
#13 39.69 + postcss 8.5.18
#13 39.69 + prettier 3.9.5
#13 39.69 + prettier-plugin-tailwindcss 0.5.14
#13 39.69 + rehype-prism-plus 2.0.2
#13 39.69 + tailwindcss 3.4.19
#13 39.69 + typescript 5.9.3
#13 39.69 + webpack 5.108.4
#13 39.69 + webpack-cli 6.0.1
#13 39.69 
#13 39.73 . prepare$ husky install
#13 39.76 . prepare: husky - git command not found, skipping install
#13 39.76 . prepare: Done
#13 39.82 Done in 39.3s using pnpm v11.17.0
#13 DONE 40.2s

#14 [builder 7/8] COPY . .
#14 DONE 1.0s

#15 [builder 8/8] RUN pnpm build
#15 0.606 $ next build
#15 0.909 ▲ Next.js 16.2.10 (Turbopack)
#15 0.909 
#15 0.929   Creating an optimized production build ...
#15 5.368 ✓ Compiled successfully in 4.3s
#15 5.383   Running TypeScript ...
#15 10.27   Finished TypeScript in 4.9s ...
#15 10.27   Collecting page data using 15 workers ...
#15 10.71   Generating static pages using 15 workers (0/33) ...
#15 10.78   Generating static pages using 15 workers (8/33) 
#15 10.82   Generating static pages using 15 workers (16/33) 
#15 10.90   Generating static pages using 15 workers (24/33) 
#15 10.94 ✓ Generating static pages using 15 workers (33/33) in 229ms
#15 10.95   Finalizing page optimization ...
#15 11.23 
#15 11.23 Route (app)
#15 11.23 ┌ ƒ /
#15 11.23 ├ ○ /_not-found
#15 11.23 ├ ƒ /about
#15 11.23 ├ ○ /admin
#15 11.23 ├ ○ /admin/categories
#15 11.23 ├ ○ /admin/dashboard
#15 11.23 ├ ○ /admin/files
#15 11.23 ├ ○ /admin/login
#15 11.23 ├ ○ /admin/products
#15 11.23 ├ ƒ /admin/products/[id]/edit
#15 11.23 ├ ○ /admin/products/new
#15 11.23 ├ ○ /admin/sub-categories
#15 11.23 ├ ○ /admin/users
#15 11.23 ├ ƒ /api/admin/catalog
#15 11.23 ├ ƒ /api/admin/login
#15 11.23 ├ ƒ /api/admin/logout
#15 11.23 ├ ƒ /api/admin/media
#15 11.23 ├ ƒ /api/admin/session
#15 11.23 ├ ƒ /api/admin/users
#15 11.23 ├ ƒ /api/contact
#15 11.23 ├ ƒ /api/health
#15 11.23 ├ ƒ /capability
#15 11.23 ├ ƒ /cases
#15 11.23 ├ ƒ /cases/[id]
#15 11.23 ├ ƒ /contact
#15 11.23 ├ ƒ /partners
#15 11.23 ├ ƒ /products
#15 11.23 ├ ƒ /products/[id]
#15 11.23 ├ ƒ /service
#15 11.23 ├ ○ /sitemap.xml
#15 11.23 └ ƒ /solutions
#15 11.23 
#15 11.23 
#15 11.23 ○  (Static)   prerendered as static content
#15 11.23 ƒ  (Dynamic)  server-rendered on demand
#15 11.23 
#15 DONE 11.3s

#16 [runner 5/7] COPY --from=builder /app/public ./public
#16 DONE 0.3s

#17 [runner 6/7] COPY --from=builder --chown=nextjs:nodejs /app/.next/standalone ./
#17 DONE 0.2s

#18 [runner 7/7] COPY --from=builder --chown=nextjs:nodejs /app/.next/static ./.next/static
#18 DONE 0.2s

#19 exporting to image
#19 exporting layers
#19 exporting layers 5.2s done
#19 exporting manifest sha256:72bf4e04296eb463a1317f3d7546908733962da8621af62a39f626d3ed25e524 0.0s done
#19 exporting config sha256:22508e8fa5c14787671c70957ef897aa70130a7a537a22a2cc0b31df005d946a 0.0s done
#19 exporting attestation manifest sha256:022437af6afe863d7a5214c9df5f7b0543925b2b49297bf5f803d04d6aefda8c 0.1s done
#19 exporting manifest list sha256:4946a4811953ad92d60c9c5e73a35a8760786f283f8c98e14c4a229de275b470
#19 exporting manifest list sha256:4946a4811953ad92d60c9c5e73a35a8760786f283f8c98e14c4a229de275b470 0.0s done
#19 naming to docker.io/library/hongsheng-site:latest done
#19 unpacking to docker.io/library/hongsheng-site:latest
#19 unpacking to docker.io/library/hongsheng-site:latest 1.7s done
#19 DONE 7.1s

#20 resolving provenance for metadata file
#20 DONE 0.0s
[2/3] export image -> E:\code\hongsheng_site\offline-deploy\hongsheng-site.tar
[3/3] copy compose file
copied .env
done: E:\code\hongsheng_site\offline-deploy

Name                  Length
----                  ------
.env                     627
docker-compose.yml       927
hongsheng-site.tar 405192704
README.txt               315


